-- promoted --
envelope|probe/control/orchestration/audit/work/qdiscocirc-promote
title|Control routing consequence probe
walkthrough|ShowMeWhy
summary|routing consequence drills down to Control explanation and Compute-owned reason ids
node|control/command|control_truth|execution_command|command=promote_for_execution state=CommandIssued
node|control/routing-decision|control_truth|routing_decision|intent=NormalExecution reasons=evidence_ready
node|control/routing-explanation|control_truth|routing_explanation_payload|compute_reasons=declared_compatible,plugin_compatible,fresh,reuse_admissible,coherent,internal_only,no_boundary_drift,ready,release_ready control_reasons=evidence_ready,plugin_compatible,cache_fresh,compatibility_gate_clean,evidence_ready
node|compute/evidence/evidence/plugin/compatible|compute_truth|admitted_or_rejected_compute_evidence|evidence_key=evidence/plugin/compatible
node|compute/evidence/evidence/cache/fresh|compute_truth|admitted_or_rejected_compute_evidence|evidence_key=evidence/cache/fresh
node|compute/evidence/evidence/compatibility/clean|compute_truth|admitted_or_rejected_compute_evidence|evidence_key=evidence/compatibility/clean
node|compute/evidence/evidence/release/ready|compute_truth|admitted_or_rejected_compute_evidence|evidence_key=evidence/release/ready
-- review --
envelope|probe/control/orchestration/audit/work/qdiscocirc-review
title|Control routing consequence probe
walkthrough|ShowMeWhy
summary|routing consequence drills down to Control explanation and Compute-owned reason ids
node|control/command|control_truth|execution_command|command=hold_for_review state=HeldForReview
node|control/routing-decision|control_truth|routing_decision|intent=AcceleratedExecution reasons=release_readiness_needs_review
node|control/routing-explanation|control_truth|routing_explanation_payload|compute_reasons=declared_compatible,plugin_compatible,fresh,reuse_admissible,coherent,internal_only,no_boundary_drift,needs_review,cuda_promotion_needs_review,admissible,backend_admissibility_declared,device_shadow_versioned,explicit_policy,backend_independent,cpu_reference control_reasons=release_readiness_needs_review,plugin_compatible,cache_fresh,compatibility_gate_clean,readiness_needs_review,backend_admissible,backend_runtime_ready
node|compute/evidence/evidence/plugin/compatible|compute_truth|admitted_or_rejected_compute_evidence|evidence_key=evidence/plugin/compatible
node|compute/evidence/evidence/cache/fresh|compute_truth|admitted_or_rejected_compute_evidence|evidence_key=evidence/cache/fresh
node|compute/evidence/evidence/compatibility/clean|compute_truth|admitted_or_rejected_compute_evidence|evidence_key=evidence/compatibility/clean
node|compute/evidence/evidence/release/needs-review|compute_truth|admitted_or_rejected_compute_evidence|evidence_key=evidence/release/needs-review
node|compute/evidence/evidence/backend/admissible|compute_truth|admitted_or_rejected_compute_evidence|evidence_key=evidence/backend/admissible
node|compute/evidence/evidence/backend/runtime-ready|compute_truth|admitted_or_rejected_compute_evidence|evidence_key=evidence/backend/runtime-ready
blocked|release_readiness_needs_review
-- blocked --
envelope|probe/control/orchestration/audit/work/qdiscocirc-blocked
title|Control routing consequence probe
walkthrough|ShowMeWhy
summary|routing consequence drills down to Control explanation and Compute-owned reason ids
node|control/command|control_truth|execution_command|command=escalate state=Escalated
node|control/routing-decision|control_truth|routing_decision|intent=AcceleratedExecution reasons=release_readiness_blocked
node|control/routing-explanation|control_truth|routing_explanation_payload|compute_reasons=declared_compatible,plugin_compatible,fresh,reuse_admissible,coherent,internal_only,no_boundary_drift,blocked,memory_readiness_blocked,admissible,backend_admissibility_declared,device_shadow_versioned,explicit_policy,backend_independent,cpu_reference control_reasons=release_readiness_blocked,plugin_compatible,cache_fresh,compatibility_gate_clean,readiness_blocked,backend_admissible,backend_runtime_ready
node|compute/evidence/evidence/plugin/compatible|compute_truth|admitted_or_rejected_compute_evidence|evidence_key=evidence/plugin/compatible
node|compute/evidence/evidence/cache/fresh|compute_truth|admitted_or_rejected_compute_evidence|evidence_key=evidence/cache/fresh
node|compute/evidence/evidence/compatibility/clean|compute_truth|admitted_or_rejected_compute_evidence|evidence_key=evidence/compatibility/clean
node|compute/evidence/evidence/release/blocked|compute_truth|admitted_or_rejected_compute_evidence|evidence_key=evidence/release/blocked
node|compute/evidence/evidence/backend/admissible|compute_truth|admitted_or_rejected_compute_evidence|evidence_key=evidence/backend/admissible
node|compute/evidence/evidence/backend/runtime-ready|compute_truth|admitted_or_rejected_compute_evidence|evidence_key=evidence/backend/runtime-ready
blocked|release_readiness_blocked
